CHANNP-M-K0Q6:Basic_Python_Scripts channp$ git status
On branch master

No commits yet

Untracked files:
  (use "git add <file>..." to include in what will be committed)

	Class_1.py
	Functions.py
	Learning/
	Real Time Scripts/
	Series/
	countries.py
	countries.txt
	flashcards.py
	french_food.txt
	function_2.py
	lists.py
	mac_compare_v1.4.zip
	python_read.py
	python_write.py
	rte.py
	score.txt
	state_capitals.txt

nothing added to commit but untracked files present (use "git add" to track)
CHANNP-M-K0Q6:Basic_Python_Scripts channp$ pwd
/Users/channp/code/Basic_Python_Scripts
CHANNP-M-K0Q6:Basic_Python_Scripts channp$ git add /Users/channp/code/Basic_Python_Scripts/*
CHANNP-M-K0Q6:Basic_Python_Scripts channp$ git status
On branch master

No commits yet

Changes to be committed:
  (use "git rm --cached <file>..." to unstage)

	new file:   Class_1.py
	new file:   Functions.py
	new file:   Learning/CSV_Modules.py
	new file:   Learning/Conditional_Booleans.py
	new file:   Learning/Demo.txt
	new file:   Learning/Demo_write.txt
	new file:   Learning/Dictionary.py
	new file:   Learning/Error_Exceptions.py
	new file:   Learning/File_Object.py
	new file:   Learning/File_Open_Context.py
	new file:   Learning/File_System.py
	new file:   Learning/Files_Rename.py
	new file:   Learning/Functions.py
	new file:   Learning/Interview.txt
	new file:   Learning/Loops_Iterations.py
	new file:   Learning/Modules_intro.py
	new file:   Learning/Modules_mymodule.py
	new file:   Learning/Modules_mymodule.pyc
	new file:   Learning/Multi-Thread_1.py
	new file:   Learning/MultiProcessing.py
	new file:   Learning/OS_Module.py
	new file:   Learning/Packages.txt
	new file:   Learning/Small Scripts.txt
	new file:   Learning/Sorting.py
	new file:   Learning/Without_Multithread.py
	new file:   Learning/employee.csv
	new file:   Learning/new_employee.csv
	new file:   Learning/ssh_client.py
	new file:   Real Time Scripts/Automate_User_Creation.py
	new file:   Real Time Scripts/Exceptions.py
	new file:   Real Time Scripts/Multi-Threading.py
	new file:   Real Time Scripts/config_push_file.py
	new file:   Real Time Scripts/config_push_template.py
	new file:   Real Time Scripts/new01601_syslog_config.txt
	new file:   Real Time Scripts/split_script.py
	new file:   Real Time Scripts/ssh_client.py
	new file:   Series/.DS_Store
	new file:   Series/aere_#4.txt
	new file:   Series/asdd_#2.txt
	new file:   Series/score_#1.txt
	new file:   Series/sdfff_#3.txt
	new file:   countries.py
	new file:   countries.txt
	new file:   flashcards.py
	new file:   french_food.txt
	new file:   function_2.py
	new file:   lists.py
	new file:   mac_compare_v1.4.zip
	new file:   python_read.py
	new file:   python_write.py
	new file:   rte.py
	new file:   score.txt
	new file:   state_capitals.txt

CHANNP-M-K0Q6:Basic_Python_Scripts channp$ git commit -m "Added_New-Files"
[master (root-commit) 406526b] Added_New-Files
 53 files changed, 1936 insertions(+)
 create mode 100644 Class_1.py
 create mode 100644 Functions.py
 create mode 100644 Learning/CSV_Modules.py
 create mode 100644 Learning/Conditional_Booleans.py
 create mode 100644 Learning/Demo.txt
 create mode 100644 Learning/Demo_write.txt
 create mode 100644 Learning/Dictionary.py
 create mode 100644 Learning/Error_Exceptions.py
 create mode 100644 Learning/File_Object.py
 create mode 100644 Learning/File_Open_Context.py
 create mode 100644 Learning/File_System.py
 create mode 100644 Learning/Files_Rename.py
 create mode 100644 Learning/Functions.py
 create mode 100644 Learning/Interview.txt
 create mode 100644 Learning/Loops_Iterations.py
 create mode 100644 Learning/Modules_intro.py
 create mode 100644 Learning/Modules_mymodule.py
 create mode 100644 Learning/Modules_mymodule.pyc
 create mode 100644 Learning/Multi-Thread_1.py
 create mode 100644 Learning/MultiProcessing.py
 create mode 100644 Learning/OS_Module.py
 create mode 100644 Learning/Packages.txt
 create mode 100644 Learning/Small Scripts.txt
 create mode 100644 Learning/Sorting.py
 create mode 100644 Learning/Without_Multithread.py
 create mode 100644 Learning/employee.csv
 create mode 100644 Learning/new_employee.csv
 create mode 100644 Learning/ssh_client.py
 create mode 100644 Real Time Scripts/Automate_User_Creation.py
 create mode 100644 Real Time Scripts/Exceptions.py
 create mode 100644 Real Time Scripts/Multi-Threading.py
 create mode 100644 Real Time Scripts/config_push_file.py
 create mode 100644 Real Time Scripts/config_push_template.py
 create mode 100644 Real Time Scripts/new01601_syslog_config.txt
 create mode 100644 Real Time Scripts/split_script.py
 create mode 100644 Real Time Scripts/ssh_client.py
 create mode 100644 Series/.DS_Store
 create mode 100644 Series/aere_#4.txt
 create mode 100644 Series/asdd_#2.txt
 create mode 100644 Series/score_#1.txt
 create mode 100644 Series/sdfff_#3.txt
 create mode 100644 countries.py
 create mode 100644 countries.txt
 create mode 100644 flashcards.py
 create mode 100644 french_food.txt
 create mode 100644 function_2.py
 create mode 100644 lists.py
 create mode 100644 mac_compare_v1.4.zip
 create mode 100644 python_read.py
 create mode 100644 python_write.py
 create mode 100644 rte.py
 create mode 100644 score.txt
 create mode 100644 state_capitals.txt
CHANNP-M-K0Q6:Basic_Python_Scripts channp$ 
CHANNP-M-K0Q6:Basic_Python_Scripts channp$ git status
On branch master
Your branch is based on 'origin/master', but the upstream is gone.
  (use "git branch --unset-upstream" to fixup)

nothing to commit, working tree clean
CHANNP-M-K0Q6:Basic_Python_Scripts channp$ 
CHANNP-M-K0Q6:Basic_Python_Scripts channp$ 
CHANNP-M-K0Q6:Basic_Python_Scripts channp$ git status
On branch master
Your branch is based on 'origin/master', but the upstream is gone.
  (use "git branch --unset-upstream" to fixup)

nothing to commit, working tree clean
CHANNP-M-K0Q6:Basic_Python_Scripts channp$ git push
Enumerating objects: 54, done.
Counting objects: 100% (54/54), done.
Delta compression using up to 12 threads
Compressing objects: 100% (51/51), done.
Writing objects: 100% (54/54), 699.43 KiB | 23.31 MiB/s, done.
Total 54 (delta 3), reused 0 (delta 0)
remote: Resolving deltas: 100% (3/3), done.
To https://github.com/channa006/Basic_Python_Scripts.git
 * [new branch]      master -> master
CHANNP-M-K0Q6:Basic_Python_Scripts channp$ git status
On branch master
Your branch is up to date with 'origin/master'.

nothing to commit, working tree clean
CHANNP-M-K0Q6:Basic_Python_Scripts channp$ 
